Command: /home/davey_schoe/.espressif/python_env/idf5.5_py3.11_env/bin/python /home/davey_schoe/esp/esp-idf/tools/idf_monitor.py -p /dev/ttyUSB0 -b 115200 --toolchain-prefix xtensa-esp32-elf- --target esp32 --revision 0 /home/davey_schoe/esp/mcmb_tx_dv3/build/mcmb_tx_dv3.elf /home/davey_schoe/esp/mcmb_tx_dv3/build/bootloader/bootloader.elf -m '/home/davey_schoe/.espressif/python_env/idf5.5_py3.11_env/bin/python' '/home/davey_schoe/esp/esp-idf/tools/idf.py'
[0;32mI (233) cpï¿½ets Jul 29 2019 12:21:46

rst:0x1 (POWERON_RESET),boot:0x13 (SPI_FAST_FLASH_BOOT)
configsip: 0, SPIWP:0xee
clk_drv:0x00,q_drv:0x00,d_drv:0x00,cs0_drv:0x00,hd_drv:0x00,wp_drv:0x00
mode:DIO, clock div:2
load:0x3fff0030,l40078000,len:15828
load:0x40080400,len:3860
entry 0x40080638
[0;32mI (27) boot: ESP-IDF v5.5-dev-1428-g0f0068fff3-dirty 2nd stage bootloader[0m
[0;32mI (27) boot: compile time Mar  4 2025 10:55:08[0m
[0;32mI (27) boot: Multicore bootloader[0m
[0;32mI (31) boot: chip revision: v3.1[0m
[0;32mI (34) boot.esp32: SPI Speed      : 40MHz[0m
[0;32mI (37) boot.esp32: SPI Mode       : DIO[0m
[0;32mI (41) boot.esp32: SPI Flash Size : 2MB[0m
[0;32mI (45) boot: Enabling RNG early entropy source...[0m
[0;32mI (49) boot: Partition Table:[0m
[0;32mI (52) boot: ## Label            Usage          Type ST Offset   Length[0m
[0;32mI (58) boot:  0 nvs              WiFi data        01 02 00009000 00006000[0m
[0;32mI (65) boot:  1 phy_init         RF data          01 01 0000f000 00001000[0m
[0;32mI (71) boot:  2 factory          factory app      00 00 00010000 00100000[0m
[0;32mI (78) boot: End of partition table[0m
[0;32mI (81) esp_image: segment 0: paddr=00010020 vaddr=3f400020 size=10718h ( 67352) map[0m
[0;32mI (111) esp_image: segment 1: paddr=00020740 vaddr=3ff80000 size=0001ch (    28) load[0m
[0;32mI (112) esp_image: segment 2: paddr=00020764 vaddr=3ffb0000 size=0238ch (  9100) load[0m
[0;32mI (119) esp_image: segment 3: paddr=00022af8 vaddr=40080000 size=0d254h ( 53844) load[0m
[0;32mI (144) esp_image: segment 4: paddr=0002fd54 vaddr=00000000 size=002c4h (   708) [0m
[0;32mI (144) esp_image: segment 5: paddr=00030020 vaddr=400d0020 size=2b3f0h (177136) map[0m
[0;32mI (214) boot: Loaded app from partition at offset 0x10000[0m
[0;32mI (214) boot: Disabling RNG early entropy source...[0m
[0;32mI (225) cpu_start: Multicore app[0m
[0;32mI (233) cpu_start: Pro cpu start user code[0m
[0;32mI (233) cpu_start: cpu freq: 160000000 Hz[0m
[0;32mI (233) app_init: Application information:[0m
[0;32mI (236) app_init: Project name:     mcmb_tx_dv3[0m
[0;32mI (241) app_init: App version:      1[0m
[0;32mI (246) app_init: Compile time:     Mar  4 2025 10:55:06[0m
[0;32mI (252) app_init: ELF file SHA256:ESP-IDF:          v5.5-dev-1428-g0f0068fff3-dirty[0m
[0;32mI (264) efuse_init: Min chip rev:     v0.0[0m
[0;32mI (269) efuse_init: Max chip rev:     v3.99 [0m
[0;32mI (274) efuse_init: Chip rev:         v3.1[0m
[0;32mI (279) heap_init: Initializing. RAM available for dynamic allocation:[0m
[0;32mI (286) heap_init: At 3FFAE6E0 len 00001920 (6 KiB): DRAM[0m
[0;32mI (292) heap_init: At 3FFB3778 len 0002C888 (178 KiB): DRAM[0m
[0;32mI (298) heap_init: At 3FFE0440 len 00003AE0 (14 KiB): D/IRAM[0m
[0;32mI (304) heap_init: At 3FFE4350 len 0001BCB0 (111 KiB): D/IRAM[0m
[0;32mI (311) heap_init: At 4008D254 len 00012DAC (75 KiB): IRAM[0m
[0;32mI (318) spi_flash: detected chip: generic[0m
[0;32mI (322) spi_flash: flash io: dio[0m
[0;33mW (326) spi_flash: Detected size(4096k) larger than the size in the binary image header(2048k). Using the size in the binary image header.[0m
[0;32mI (339) main_task: Started on CPU0[0m
[0;32mI (349) main_task: Calling app_main()[0m
[0;32mI (349) lwmb: s_conn: connect(55)[0m
[0;32mI (349) lwmb: r_select_task: opened socket: 56[0m
Guru Meditation Error: Core  1 panic'ed (LoadProhibited). Exception was unhandled.

Core  1 register dump:
PC      : 0x400d8e71  PS      : 0x00060c30  A0      : 0x8008630c  A1      : 0x3ffba090  
A2      : 0x3ffb7758  A3      : 0x00000000  A4      : 0x3ffb2900  A5      : 0x00060023  
A6      : 0x00000001  A7      : 0x0000000b  A8      : 0x00000000  A9      : 0x3ffba050  
A10     : 0x00000001  A11     : 0x3ffbb444  A12     : 0x00000000  A13     : 0x00000000  
A14     : 0x00000003  A15     : 0x3ffb790c  SAR     : 0x00000012  EXCCAUSE: 0x0000001c  
EXCVADDR: 0x00000020  LBEG    : 0x4000c2e0  LEND    : 0x4000c2f6  LCOUNT  : 0xffffffff  


Backtrace: 0x400d8e6e:0x3ffba090 0x40086309:0x3ffba0d0




ELF file SHA256: c9a945e57

Rebooting...
ets Jul 29 2019 12:21:46

rst:0xc (SW_CPU_RESET),boot:0x13 (SPI_FAST_FLASH_BOOT)
configsip: 0, SPIWP:0xee
clk_drv:0x00,q_drv:0x00,d_drv:0x00,cs0_drv:0x00,hd_drv:0x00,wp_drv:0x00
mode:DIO, clock div:2
load:0x3fff0030,len:6328
load:0x40078000,len:15828
load:0x40080400,len:3860
entry 0x40080638
[0;32mI (27) boot: ESP-IDF v5.5-dev-1428-g0f0068fff3-dirty 2nd stage bootloader[0m
[0;32mI (27) boot: compile time Mar  4 2025 10:55:08[0m
[0;32mI (27) boot: Multicore bootloader[0m
[0;32mI (31) boot: chip revision: v3.1[0m
[0;32mI (34) boot.esp32: SPI Speed      : 40MHz[0m
[0;32mI (37) boot.esp32: SPI Mode       : DIO[0m
[0;32mI (41) boot.esp32: SPI Flash Size : 2MB[0m
[0;32mI (45) boot: Enabling RNG early entropy source...[0m
[0;32mI (49) boot: Partition Table:[0m
[0;32mI (52) boot: ## Label            Usage          Type ST Offset   Length[0m
[0;32mI (58) boot:  0 nvs              WiFi data        01 02 00009000 00006000[0m
[0;32mI (64) boot:  1 phy_init         RF data          0100 00001000[0m
[0;32mI (71) boot:  2 factory          factory app      00 00 00010000 00100000[0m
[0;32mI (78) boot: End of partition table[0m
[0;32mI (81) esp_image: segment 0: paddr=00010020 vaddr=3f400020 size=10718h ( 67352) map[0m
[0;32mI (111) esp_image: segment 1: paddr=00020740 vaddr=3ff80000 size=0001ch (    28) load[0m
[0;32mI (112) esp_image: segment 2: paddr=00020764 vaddr=3ffb0000 size=0238ch (  9100) load[0m
[0;32mI (119) esp_image: segment 3: paddr=00022af8 vaddr=40080000 size=0d254h ( 53844) load[0m
[0;32mI (144) esp_image: segment 4: paddr=0002fd54 vaddr=00000000 size=002c4h (   708) [0m
[0;32mI (144) esp_image: segment 5: paddr=00030020 vaddr=400d0020 size=2b3f0h (177136) map[0m
[0;32mI (214) boot: Loaded app from partition at offset 0x10000[0m
[0;32mI (214) boot: Disabling RNG early entropy source...[0m
[0;32mI (225) cpu_start: Multicore app[0m
[0;32mI (233) cpu_start: Pro cpu start user code[0m
[0;32mI (233) cpu_start: cpu freq: 160000000 Hz[0m
[0;32mI (233) app_init: Application information:[0m
[0;32mI (236) app_init: Project name:     mcmb_tx_dv3[0m
[0;32mI (241) app_init: App version:      1[0m
[0;32mI (246) app_init: Compile time:     Mar  4 2025 10:55:06[0m
[0;32mI (252) app_init: ELF file SHA256:  c9a945e57...[0m
[0;32mI (257) app_init: ESP-IDF:          v5.5-dev-1428-g0f0068fff3-dirty[0m
[0;32mI (264) efuse_init: Min chip rev:     v0.0[0m
[0;32mI (269) efuse_init: Max chip rev:     v3.99 [0m
[0;32mI (273) efuse_init: Chip rev:         v3.1[0m
[0;32mI (279) heap_init: Initializing. RAM available for dynamic allocation:[0m
[0;32mI (286) heap_init: At 3FFAE6E0 len 00001920 (6 KiB): DRAM[0m
[0;32mI (292) heap_init: At 3FFB3778 len 0002C888 (178 KiB): DRAM[0m
[0;32mI (298) heap_init: At 3FFE0440 len 00003AE0 (14 KiB): D/IRAM[0m
[0;32mI (304) heap_init: At 3FFE4350 len 0001BCB0 (111 KiB): D/IRAM[0m
[0;32mI (311) heap_init: At 4008D254 len 00012DAC (75 KiB): IRAM[0m
[0;32mI (318) spi_flash: detected chip: generic[0m
[0;32mI (321) spi_flash: flash io: dio[0m
[0;33mW (325) spi_flash: Detected size(4096k) larger than the size in the binary image header(2048k). Using the size in the binary image header.[0m
[0;32mI (339) main_task: Started on CPU0[0m
[0;32mI (349) main_task: Calling app_main()[0m
[0;32mI (349) lwmb: s_conn: connect(55)[0m
[0;32mI (349) lwmb: r_select_task: opened socket: 56[0m
Guru Meditation Error: Core  1 panic'ed (LoadProhibited). Exception was unhandled.

Core  1 register dump:
PC      : 0x400d8e71  PS      : 0x00060c30  A0      : 0x8008630c  A1      : 0x3ffba090  
A2      : 0x3ffb7758  A3      : 0x00000000  A4      : 0x3ffb2900  A5      : 0x00060023  
A6      : 0x00000001  A7      : 0x0000000b  A8      : 0x00000000  A9      : 0x3ffba050  
A10     : 0x00000001  A11     : 0x3ffbb444  A12     : 0x00000000  A13     : 0x00000000  
A14     : 0x00000003  A15     : 0x3ffb790c  SAR     : 0x00000012  EXCCAUSE: 0x0000001c  
EXCVADDR: 0x00000020  LBEG    : 0x4000c2e0  LEND    : 0x4000c2f6  LCOUNT  : 0xffffffff  


Backtrace: 0x400d8e6e:0x3ffba090 0x40086309:0x3ffba0d0




ELF file SHA256: c9a945e57

Rebooting...
ets Jul 29 2019 12:21:46

rst:0xc (SW_CPU_RESET),boot:0x13 (SPI_FAST_FLASH_BOOT)
configsip: 0, SPIWP:0xee
clk_drv:0x00,q_drv:0x00,d_drv:0x00,cs0_drv:0x00,hd_drv:0x00,wp_drv:0x00
mode:DIO, clock div:2
load:0x3fff0030,len:6328
load:0x40078000,len:15828
load:0x40080400,len:3860
entry 0x40080638
[0;32mI (27) boot: ESP-IDF v5.5-dev-1428-g0f0068fff3-dirty 2nd stage bootloader[0m
[0;32mI (27) boot: compile time Mar  4 2025 10:55:08[0m
[0;32mI (27) boot: Multicore bootloader[0m
[0;32mI (31) boot: chip revision: v3.1[0m
[0;32mI (34) boot.esp32: SPI Speed      : 40MHz[0m
[0;32mI (37) boot.esp32: SPI Mode       : DIO[0m
[0;32mI (41) boot.esp32: SPI Flash Size : 2MB[0m
[0;32mI (45) boot: Enabling RNG early entropy source...[0m
[0;32mI (49) boot: Partition Table:[0m
[0;32mI (52) boot: ## Label            Usage          Type ST Offset   Length[0m
[0;32mI (58) boot:  0 nvs              WiFi data        01 02 00009000 00006000[0m
[0;32mI (64) boot:  1 phy_init         RF data          01 01 0000f000 00001000[0m
[0;32mI (71) boot:  2 factory          factory app      00 00 00010000 00100000[0m
[0;32mI (78) boot: End of partition table[0m
[0;32mI (81) esp_image: segment 0: paddr=00010020 vaddr=3f400020 size=10718h ( 67352) map[0m
[0;32mI (111) esp_image: segment 1: paddr=00020740 vaddr=3ff80000 size=0001ch (    28) load[0m
[0;32mI (112) esp_image: segment 2: paddr=00020764 vaddr=3ffb0000 size=0238ch (  9100) load[0m
[0;32mI (119) esp_image: segment 3: paddr=00022af8 vaddr=40080000 size=0d254h ( 53844) load[0m
[0;32mI (144) esp_image: segment 4: paddr=0002fd54 vaddr=00000000 size=002c4h (   708) [0m
[0;32mI (144) esp_image: segment 5: paddr=00030020 vaddr=400d0020 size=2b3f0h (177136) map[0m
[0;32mI (214) boot: Loaded app from partition at offset 0x10000[0m
[0;32mI (214) boot: Disabling RNG early entropy source...[0m
[0;32mI (225) cpu_start: Multicore app[0m
[0;32mI (233) cpu_start: Pro cpu start user code[0m
[0;32mI (233) cpu_start: cpu freq: 160000000 Hz[0m
[0;32mI (233) app_init: Application information:[0m
[0;32mI (236) app_init: Project name:     mcmb_tx_dv3[0m
[0;32mI (241) app_init: App version:      1[0m
[0;32mI (246) app_init: Compile time:     Mar  4 2025 10:55:06[0m
[0;32mI (252) app_init: ELF file SHA256:  c9a945e57...[0m
[0;32mI (257) app_init: ESP-IDF:          v5.5-dev-1428-g0f0068fff3-dirty[0m
[0;32mI (264) efuse_init: Min chip rev:     v0.0[0m
[0;32mI (269) efuse_init: Max chip rev:     v3.99 [0m
[0;32mI (273) efuse_init: Chip rev:         v3.1[0m
[0;32mI (279) heap_init: Initializing. RAM available for dynamic allocation:[0m
[0;32mI (286) heap_init: At 3FFAE6E0 len 00001920 (6 KiB): DRAM[0m
[0;32mI (292) heap_init: At 3FFB3778 len 0002C888 (178 KiB): DRAM[0m
[0;32mI (298) heap_init: At 3FFE0440 len 00003AE0 (14 KiB): D/IRAM[0m
[0;32mI (304) heap_init: At 3FFE4350 len 0001BCB0 (111 KiB): D/IRAM[0m
[0;32mI (311) heap_init: At 4008D254 len 00012DAC (75 KiB): IRAM[0m
[0;32mI (318) spi_flash: detected chip: generic[0m
[0;32mI (321) spi_flash: flash io: dio[0m
[0;33mW (325) spi_flash: Detected size(4096k) larger than the size in the binary image header(2048k). Using the size in the binary image header.[0m
[0;32mI (339) main_task: Started on CPU0[0m
[0;32mI (349) main_task: Calling app_main()[0m
[0;32mI (349) lwmb: s_conn: connect(55)[0m
[0;32mI (349) lwmb: r_select_task: opened socket: 56[0m
Guru Meditation Error: Core  1 panic'ed (LoadProhibited). Exception was unhandled.

Core  1 register dump:
PC      : 0x400d8e71  PS      : 0x00060c30  A0      : 0x8008630c  A1      : 0x3ffba090  
A2      : 0x3ffb7758  A3      : 0x00000000  A4      : 0x3ffb2900  A5      : 0x00060023  
A6      : 0x00000001  A7      : 0x0000000b  A8      : 0x00000000  A9      : 0x3ffba050  
A10     : 0x00000001  A11     : 0x3ffbb444  A12     : 0x00000000  A13     : 0x00000000  
A14     : 0x00000003  A15     : 0x3ffb790c  SAR     : 0x00000012  EXCCAUSE: 0x0000001c  
EXCVADDR: 0x00000020  LBEG    : 0x4000c2e0  LEND    : 0x4000c2f6  LCOUNT  : 0xffffffff  


Backtrace: 0x400d8e6e:0x3ffba090 0x40086309:0x3ffba0d0




ELF file SHA256: c9a945e57

Rebooting...
ets Jul 29 2019 12:21:46

rst:0xc (SW_CPU_RESET),boot:0x13 (SPI_FAST_FLASH_BOOT)
configsip: 0, SPIWP:0xee
clk_drv:0x00,q_drv:0x00,d_drv:0x00,cs0_drv:0x00,hd_drv:0x00,wp_drv:0x00
mode:DIO, clock div:2
load:0x3fff0030,len:6328
load:0x40078000,len:15828
load:0x40080400,len:3860
entry 0x40080638
[0;32mI (27) boot: ESP-IDF v5.5-dev-1428-g0f0068fff3-dirty 2nd stage bootloader[0m
[0;32mI (27) boot: compile time Mar  4 2025 10:55:08[0m
[0;32mI (27) boot: Multicore bootloader[0m
[0;32mI (31) boot: chip revision: v3.1[0m
[0;32mI (34) boot.esp32: SPI Speed      : 40MHz[0m
[0;32mI (37) boot.esp32: SPI Mode       : DIO[0m
[0;32mI (41) boot.esp32: SPI Flash Size : 2MB[0m
[0;32mI (45) boot: Enabling RNG early entropy source...[0m
[0;32mI (49) boot: Partition Table:[0m
[0;32mI (52) boot: ## Label            Usage          Type ST Offset   Length[0m
[0;32mI (58) boot:  0 nvs              WiFi data        01 02 00009000 00006000[0m
[0;32mI (64) boot:  1 phy_init         RF data          01 01 0000f000 00001000[0m
[0;32mI (71) boot:  2 factory          factory app      00 00 00010000 00100000[0m
[0;32mI (78) boot: End of partition table[0m
[0;32mI (81) esp_image: segment 0: paddr=00010020 vaddr=3f400020 size=10718h ( 67352) map[0m
[0;32mI (111) esp_image: segment 1: paddr=00020740 vaddr=3ff80000 size=0001ch (    28) load[0m
[0;32mI (112) esp_image: segment 2: paddr=00020764 vaddr=3ffb0000 size=0238ch (  9100) load[0m
[0;32mI (119) esp_image: segment 3: paddr=00022af8 vaddr=40080000 size=0d254h ( 53844) load[0m
[0;32mI (144) esp_image: segment 4: paddr=0002fd54 vaddr=00000000 size=002c4h (   708) [0m
[0;32mI (144) esp_image: segment 5: paddr=00030020 vaddr=400d0020 size=2b3f0h (177136) map[0m
[0;32mI (214) boot: Loaded app from partition at offset 0x10000[0m
[0;32mI (214) boot: Disabling RNG early entropy source...[0m
[0;32mI (225) cpu_start: Multicore app[0m
[0;32mI (233) cpu_start: Pro cpu start user code[0m
[0;32mI (233) cpu_start: cpu freq: 160000000 Hz[0m
[0;32mI (233) app_init: Application information:[0m
[0;32mI (236) app_init: Project name:     mcmb_tx_dv3[0m
[0;32mI (241) app_init: App version:      1[0m
[0;32mI (246) app_init: Compile time:     Mar  4 2025 10:55:06[0m
[0;32mI (252) app_init: ELF file SHA256:  c9a945e57...[0m
[0;32mI (257) app_init: ESP-IDF:          v5.5-dev-1428-g0f0068fff3-dirty[0m
[0;32mI (264) efuse_init: Min chip rev:     v0.0[0m
[0;32mI (269) efuse_init: Max chip rev:     v3.99 [0m
[0;32mI (273) efuse_init: Chip rev:         v3.1[0m
[0;32mI (279) heap_init: Initializing. RAM available for dynamic allocation:[0m
[0;32mI (286) heap_init: At 3FFAE6E0 len 00001920 (6 KiB): DRAM[0m
[0;32mI (292) heap_init: At 3FFB3778 len 0002C888 (178 KiB): DRAM[0m
[0;32mI (298) heap_init: At 3FFE0440 len 00003AE0 (14 KiB): D/IRAM[0m
[0;32mI (304) heap_init: At 3FFE4350 len 0001BCB0 (111 KiB): D/IRAM[0m
[0;32mI (311) heap_init: At 4008D254 len 00012DAC (75 KiB): IRAM[0m
[0;32mI (318) spi_flash: detected chip: generic[0m
[0;32mI (321) spi_flash: flash io: dio[0m
[0;33mW (325) spi_flash: Detected size(4096k) larger than the size in the binary image header(2048k). Using the size in the binary image header.[0m
