Command: /home/davey_schoe/.espressif/python_env/idf5.5_py3.11_env/bin/python /home/davey_schoe/esp/esp-idf/tools/idf_monitor.py -p /dev/ttyUSB0 -b 115200 --toolchain-prefix xtensa-esp32-elf- --target esp32 --revision 0 /home/davey_schoe/esp/mcmb_tx_dv3/build/mcmb_tx_dv3.elf /home/davey_schoe/esp/mcmb_tx_dv3/build/bootloader/bootloader.elf -m '/home/davey_schoe/.espressif/python_env/idf5.5_py3.11_env/bin/python' '/home/davey_schoe/esp/esp-idf/tools/idf.py'
 RAM available for dynamï¿½ets Jul 29 2019 12:21:46

rst:0x1 (POWERON_RESET),boot:0x13 (SPI_FAST_FLASH_BOOT)
configsip: 0, SPIWP:0xee
clk_drv:0x00,q_drv:0x00,d_drv:0x00,cs0_drv:0x00,hd_drv:0x00,wp_drv:0x00
mode:DIO, clock div:2
load:0x3fff0030,len:6328
load:0x40078000,len:15828
load:0x40080400,len:3860
entry 0x40080638
[0;32mI (27) boot: ESP-IDF v5.5-dev-1428-g0f0068fff3-dirty 2nd stage bootloader[0m
[0;32mI (27) boot: compile time Mar  4 2025 08:44:31[0m
[0;32mI (27) boot: Multicore bootloader[0m
[0;32mI (31) boot: chip revision: v3.1[0m
[0;32mI (34) boot.esp32: SPI Speed      : 40MHz[0m
[0;32mI (37) boot.esp32: SPI Mode       : DIO[0m
[0;32mI (41) boot.esp32: SPI Flash Size : 2MB[0m
[0;32mI (45) boot: Enabling RNG early entropy source...[0m
[0;32mI (49) boot: Partition Table:[0m
[0;32mI (52) boot: ## Label            Usage          Type ST Offset   Length[0m
[0;32mI (58) boot:  0 nvs              WiFi data        01 02 00009000 00006000[0m
[0;32mI (65) boot:  1 phy_init         RF data          01 01 0000f000 00001000[0m
[0;32mI (71) boot:  2 factory          factory app      00 00 00010000 00100000[0m
[0;32mI (78) boot: End of partition table[0m
[0;32mI (81) esp_image: segment 0: paddr=00010020 vaddr=3f400020 size=10788h ( 67464) map[0m
[0;32mI (111) esp_image: segment 1: paddr=000207b0 vaddr=3ff80000 size=0001ch (    28) load[0m
[0;32mI (112) esp_image: segment 2: paddr=000207d4 vaddr=3ffb0000 size=0238ch (  9100) load[0m
[0;32mI (119) esp_image: segment 3: paddr=00022b68 vaddr=40080000 size=0d28ch ( 53900) load[0m
[0;32mI (144) esp_image: segment 4: paddr=0002fdfc vaddr=00000000 size=0021ch (   540) [0m
[0;32mI (144) esp_image: segment 5: paddr=00030020 vaddr=400d0020 size=2b408h (177160) map[0m
[0;32mI (214) boot: Loaded app from partition at offset 0x10000[0m
[0;32mI (214) boot: Disabling RNG early entropy source...[0m
[0;32mI (225) cpu_start: Multicore app[0m
[0;32mI (233) cpu_start: Pro cpu start user code[0m
[0;32mI (233) cpu_start: cpu freq: 160000000 Hz[0m
[0;32mI (233) app_init: Application information:[0m
[0;32mI (236) app_init: Project name:     mcmb_tx_dv3[0m
[0;32mI (241) app_init: App version:      1[0m
[0;32mI (246) app_init: Compile time:     Mar  4 2025 08:44:18[0m
[0;32mI (252) app_init: ELF file SHA256:  4a78eeb59...[0m
[0;32mI (257) app_init: ESP-IDF:          v5.5-dev-1428-g0f0068fff3-dirty[0m
[0;32mI (264) efuse_init: Min chip rev:     v0.0[0m
[0;32mI (269) efuse_init: Max chip rev:     v3.99 [0m
[0;32mI (274) efuse_init: Chip rev:         v3.1[0m
[0;32mI (279) heap_init: Initializing. RAM available for dynamic allocation:[0m
[0;32mI (286) heap_init: At 3FFAE6E0 len 00001920 (6 KiB): DRAM[0m
[0;32mI (292) heap_init: At 3FFB3778 len 0002C888 (178 KiB): DRAM[0m
[0;32mI (298) heap_init: At 3FFE0440 len 00003AE0 (14 KiB): D/IRAM[0m
[0;32mI (304) heap_init: At 3FFE4350 len 0001BCB0 (111 KiB): D/IRAM[0m
[0;32mI (311) heap_init: At 4008D28C len 00012D74 (75 KiB): IRAM[0m
[0;32mI (319) spi_flash: detected chip: generic[0m
[0;32mI (322) spi_flash: flash io: dio[0m
[0;33mW (326) spi_flash: Detected size(4096k) larger than the size in the binary image header(2048k). Using the size in the binary image header.[0m
[0;32mI (339) main_task: Started on CPU0[0m
[0;32mI (349) main_task: Calling app_main()[0m
[0;32mI (349) lwmb: s_conn: connect(55)[0m
[0;32mI (349) lwmb: r_select_task: opened socket: 56[0m
[0;32mI (359) lwmb: hw: 2088
[0m
[0;32mI (359) lwmb: Largest free block: 147456
[0m
[0;32mI (359) lwmb: Free heap: 278124
[0m
[0;32mI (359) lwmb: time_elapsed: 0 ms[0m
[0;31mE (369) lwmb: r_send: send(55), b=-1, errno=128[0m
[0;31mE (369) lwmb: r_select_task: recv(55): errno=128, socket being forcefully closed[0m
[0;32mI (369) lwmb: time_elapsed: 0 ms[0m
[0;32mI (379) lwmb: s_conn: connect(55)[0m
[0;32mI (379) lwmb: s_conn: connect(55)[0m
[0;32mI (389) lwmb: r_select_task: opened socket: 57[0m
[0;32mI (389) main_task: Returned from app_main()[0m
[0;32mI (399) lwmb: r_select_task: opened socket: 58[0m
[0;32mI (409) lwmb: r_select_task: recv(57): socket associated with external slave was closed gracefully[0m
[0;32mI (419) lwmb: rt_remove(0x3ffb7b7c): removed remote entry w/ s=57[0m
Guru Meditation Error: Core  0 panic'ed (StoreProhibited). Exception was unhandled.

Core  0 register dump:
PC      : 0x4008a7fe  PS      : 0x00060833  A0      : 0x8008a307  A1      : 0x3ffb8d60  
A2      : 0x3ffb378c  A3      : 0x3ffbcd34  A4      : 0x00060820  A5      : 0x00060c23  
A6      : 0x00000000  A7      : 0x3ffbcd2c  A8      : 0xa5a5a5a5  A9      : 0x00000000  
A10     : 0x00000014  A11     : 0x3ffb37e4  A12     : 0x00000004  A13     : 0x00060823  
A14     : 0x00000001  A15     : 0x0000cdcd  SAR     : 0x0000001c  EXCCAUSE: 0x0000001d  
EXCVADDR: 0xa5a5a5b1  LBEG    : 0x4000c2e0  LEND    : 0x4000c2f6  LCOUNT  : 0x00000000  


Backtrace: 0x4008a7fb:0x3ffb8d60 0x4008a304:0x3ffb8d80 0x400821bf:0x3ffb8da0 0x4008bb91:0x3ffb8dc0 0x400dddbd:0x3ffb8de0 0x400deabe:0x3ffb8e00 0x400db7c9:0x3ffb8e20 0x400dce28:0x3ffb8e70 0x400dcf2e:0x3ffb8ee0 0x400d86a8:0x3ffb8f00 0x40086309:0x3ffb8f60




ELF file SHA256: 4a78eeb59

Rebooting...
ets Jul 29 2019 12:21:46

rst:0xc (SW_CPU_RESET),boot:0x13 (SPI_FAST_FLASH_BOOT)
configsip: 0, SPIWP:0xee
clk_drv:0x00,q_drv:0x00,d_drv:0x00,cs0_drv:0x00,hd_drv:0x00,wp_drv:0x00
mode:DIO, clock div:2
load:0x3fff0030,len:6328
load:0x40078000,len:15828
load:0x40080400,len:3860
entry 0x40080638
[0;32mI (27) boot: ESP-IDF v5.5-dev-1428-g0f0068fff3-dirty 2nd stage bootloader[0m
[0;32mI (27) boot: compile time Mar  4 2025 08:44:31[0m
[0;32mI (27) boot: Multicore bootloader[0m
[0;32mI (31) boot: chip revision: v3.1[0m
[0;32mI (34) boot.esp32: SPI Speed      : 40MHz[0m
[0;32mI (37) boot.esp32: SPI Mode       : DIO[0m
[0;32mI (41) boot.esp32: SPI Flash Size : 2MB[0m
[0;32mI (45) boot: Enabling RNG early entropy source...[0m
[0;32mI (49) boot: Partition Table:[0m
[0;32mI (52) boot: ## Label            Usage          Type ST Offset   Length[0m
[0;32mI (58) boot:  0 nvs              WiFi data        01 02 00009000 00006000[0m
[0;32mI (64) boot:  1 phy_init         RF data          01 01 0000f000 00001000[0m
[0;32mI (71) boot:  2 factory          factory app      00 00 00010000 00100000[0m
[0;32mI (78) boot: End of partition table[0m
[0;32mI (81) esp_image: segment 0: paddr=00010020 vaddr=3f400020 size=10788h ( 67464) map[0m
[0;32mI (111) esp_image: segment 1: paddr=000207b0 vaddr=3ff80000 size=0001ch (    28) load[0m
[0;32mI (112) esp_image: segment 2: paddr=000207d4 vaddr=3ffb0000 size=0238ch (  9100) load[0m
[0;32mI (119) esp_image: segment 3: paddr=00022b68 vaddr=40080000 size=0d28ch ( 53900) load[0m
[0;32mI (144) esp_image: segment 4: paddr=0002fdfc vaddr=00000000 size=0021ch (   540) [0m
[0;32mI (144) esp_image: segment 5: paddr=00030020 vaddr=400d0020 size=2b408h (177160) map[0m
[0;32mI (214) boot: Loaded app from partition at offset 0x10000[0m
[0;32mI (214) boot: Disabling RNG early entropy source...[0m
[0;32mI (225) cpu_start: Multicore app[0m
[0;32mI (233) cpu_start: Pro cpu start user code[0m
[0;32mI (233) cpu_start: cpu freq: 160000000 Hz[0m
[0;32mI (233) app_init: Application information:[0m
[0;32mI (236) app_init: Project name:     mcmb_tx_dv3[0m
[0;32mI (241) app_init: App version:      1[0m
[0;32mI (246) app_init: Compile time:     Mar  4 2025 08:44:18[0m
[0;32mI (252) app_init: ELF file SHA256:  4a78eeb59...[0m
[0;32mI (257) app_init: ESP-IDF:          v5.5-dev-1428-g0f0068fff3-dirty[0m
[0;32mI (264) efuse_init: Min chip rev:     v0.0[0m
[0;32mI (269) efuse_init: Max chip rev:     v3.99 [0m
[0;32mI (274) efuse_init: Chip rev:         v3.1[0m
[0;32mI (279) heap_init: Initializing. RAM available for dynamic allocation:[0m
[0;32mI (286) heap_init: At 3FFAE6E0 len 00001920 (6 KiB): DRAM[0m
[0;32mI (292) heap_init: At 3FFB3778 len 0002C888 (178 KiB): DRAM[0m
[0;32mI (298) heap_init: At 3FFE0440 len 00003AE0 (14 KiB): D/IRAM[0m
[0;32mI (304) heap_init: At 3FFE4350 len 0001BCB0 (111 KiB): D/IRAM[0m
[0;32mI (311) heap_init: At 4008D28C len 00012D74 (75 KiB): IRAM[0m
[0;32mI (318) spi_flash: detected chip: generic[0m
[0;32mI (322) spi_flash: flash io: dio[0m
[0;33mW (325) spi_flash: Detected size(4096k) larger than the size in the binary image header(2048k). Using the size in the binary image header.[0m
[0;32mI (339) main_task: Started on CPU0[0m
[0;32mI (349) main_task: Calling app_main()[0m
[0;32mI (349) lwmb: s_conn: connect(55)[0m
[0;32mI (349) lwmb: r_select_task: opened socket: 56[0m
[0;32mI (359) lwmb: hw: 2088
[0m
[0;32mI (359) lwmb: Largest free block: 147456
[0m
[0;32mI (359) lwmb: Free heap: 278124
[0m
[0;32mI (359) lwmb: time_elapsed: 0 ms[0m
[0;31mE (369) lwmb: r_send: send(55), b=-1, errno=128[0m
[0;31mE (369) lwmb: r_select_task: recv(55): errno=128, socket being forcefully closed[0m
[0;32b: time_elapsed: 0 ms[0m
[0;32mI (379) lwmb: s_conn: connect(55)[0m
[0;32mI (379) lwmb: s_conn: connect(55)[0m
[0;32mI (389) lwmb: r_select_task: opened socket: 57[0m
[0;32mI (389) main_task: Returned from app_main()[0m
[0;32mI (399) lwmb: r_select_task: opened socket: 58[0m
[0;32mI (409) lwmb: r_select_task: recv(57): socket associated with external slave was closed gracefully[0m
[0;32mI (419) lwmb: rt_remove(0x3ffb7b7c): removed remote entry w/ s=57[0m
Guru Meditation Error: Core  0 panic'ed (StoreProhibited). Exception was unhandled.

Core  0 register dump:
PC      : 0x4008a7fe  PS      : 0x00060833  A0      : 0x8008a307  A1      : 0x3ffb8d60  
A2      : 0x3ffb378c  A3      : 0x3ffbcd34  A4      : 0x00060820  A5      : 0x00060c23  
A6      : 0x00000000  A7      : 0x3ffbcd2c  A8      : 0xa5a5a5a5  A9      : 0x00000000  
A10     : 0x00000014  A11     : 0x3ffb37e4  A12     : 0x00000004  A13     : 0x00060823  
A14     : 0x00000001  A15     : 0x0000cdcd  SAR     : 0x0000001c  EXCCAUSE: 0x0000001d  
EXCVADDR: 0xa5a5a5b1  LBEG    : 0x4000c2e0  LEND    : 0x4000c2f6  LCOUNT  : 0x00000000  


Backtrace: 0x4008a7fb:0x3ffb8d60 0x4008a304:0x3ffb8d80 0x400821bf:0x3ffb8da0 0x4008bb91:0x3ffb8dc0 0x400dddbd:0x3ffb8de0 0x400deabe:0x3ffb8e00 0x400db7c9:0x3ffb8e20 0x400dce28:0x3ffb8e70 0x400dcf2e:0x3ffb8ee0 0x400d86a8:0x3ffb8f00 0x40086309:0x3ffb8f60




ELF file SHA256: 4a78eeb59

Rebooting...
ets Jul 29 2019 12:21:46

rst:0xc (SW_CPU_RESET),boot:0x13 (SPI_FAST_FLASH_BOOT)
configsip: 0, SPIWP:0xee
clk_drv:0x00,q_drv:0x00,d_drv:0x00,cs0_drv:0x00,hd_drv:0x00,wp_drv:0x00
mode:DIO, clock div:2
load:0x3fff0030,len:6328
load:0x40078000,len:15828
load:0x40080400,len:3860
entry 0x40080638
[0;32mI (27) boot: ESP-IDF v5.5-dev-1428-g0f0068fff3-dirty 2nd stage bootloader[0m
[0;32mI (27) boot: compile time Mar  4 2025 08:44:31[0m
[0;32mI (27) boot: Multicore bootloader[0m
[0;32mI (31) boot: chip revision: v3.1[0m
[0;32mI (34) boot.esp32: SPI Speed      : 40MHz[0m
[0;32mI (37) boot.esp32: SPI Mode       : DIO[0m
[0;32mI (41) boot.esp32: SPI Flash Size : 2MB[0m
[0;32mI (45) boot: Enabling RNG early entropy source...[0m
[0;32mI (49) boot: Partition Table:[0m
[0;32mI (52) boot: ## Label            Usage          Type ST Offset   Length[0m
[0;32mI (58) boot:  0 nvs              WiFi data        01 02 00009000 00006000[0m
[0;32mI (64) boot:  1 phy_init         RF data          01 01 0000f000 00001000[0m
[0;32mI (71) boot:  2 factory          factory app      00 00 00010000 00100000[0m
[0;32mI (78) boot: End of partition table[0m
[0;32mI (81) esp_image: segment 0: paddr=00010020 vaddr=3f400020 size=10788h ( 67464) map[0m
[0;32mI (111) esp_image: segment 1: paddr=000207b0 vaddr=3ff80000 size=0001ch (    28) load[0m
[0;32mI (112) esp_image: segment 2: paddr=000207d4 vaddr=3ffb0000 size=0238ch (  9100) load[0m
[0;32mI (119) esp_image: segment 3: paddr=00022b68 vaddr=40080000 size=0d28ch ( 53900) load[0m
[0;32mI (144) esp_image: segment 4: paddr=0002fdfc vaddr=00000000 size=0021ch (   540) [0m
[0;32mI (144) esp_image: segment 5: paddr=00030020 vaddr=400d0020 size=2b408h (177160) map[0m
[0;32mI (214) boot: Loaded app from partition at offset 0x10000[0m
[0;32mI (214) boot: Disabling RNG early entropy source...[0m
[0;32mI (225) cpu_start: Multicore app[0m
[0;32mI (233) cpu_start: Pro cpu start user code[0m
[0;32mI (233) cpu_start: cpu freq: 160000000 Hz[0m
[0;32mI (233) app_init: Application information:[0m
[0;32mI (236) app_init: Project name:     mcmb_tx_dv3[0m
[0;32mI (241) app_init: App version:      1[0m
[0;32mI (246) app_init: Compile time:     Mar  4 2025 08:44:18[0m
[0;32mI (252) app_init: ELF file SHA256:  4a78eeb59...[0m
[0;32mI (257) app_init: ESP-IDF:          v5.5-dev-1428-g0f0068fff3-dirty[0m
[0;32mI (264) efuse_init: Min chip rev:     v0.0[0m
[0;32mI (269) efuse_init: Max chip rev:     v3.99 [0m
[0;32mI (274) efuse_init: Chip rev:         v3.1[0m
[0;32mI (279) heap_init: Initializing. RAM available for dynamic allocation:[0m
[0;32mI (286) heap_init: At 3FFAE6E0 len 00001920 (6 KiB): DRAM[0m
[0;32mI (292) heap_init: At 3FFB3778 len 0002C888 (178 KiB): DRAM[0m
[0;32mI (298) heap_init: At 3FFE0440 len 00003AE0 (14 KiB): D/IRAM[0m
[0;32mI (304) heap_init: At 3FFE4350 len 0001BCB0 (111 KiB): D/IRAM[0m
[0;32mI (311) heap_init: At 4008D28C len 00012D74 (75 KiB): IRAM[0m
[0;32mI (318) spi_flash: detected chip: generic[0m
[0;32mI (322) spi_flash: flash io: dio[0m
[0;33mW (325) spi_flash: Detected size(4096k) larger than the size in the binary image header(2048k). Using the size in the binary image header.[0m
[0;32mI (339) main_task: Started on CPU0[0m
[0;32mI (349) main_task: Calling app_main()[0m
[0;32mI (349) lwmb: s_conn: connect(55)[0m
[0;32mI (349) lwmb: r_select_task: opened socket: 56[0m
[0;32mI (359) lwmb: hw: 2088
[0m
[0;32mI (359) lwmb: Largest free block: 147456
[0m
[0;32mI (359) lwmb: Free heap: 278124
[0m
[0;32mI (359) lwmb: time_elapsed: 0 ms[0m
[0;31mE (369) lwmb: r_send: send(55), b=-1, errno=128[0m
[0;31mE (369) lwmb: r_select_task: recv(55): errno=128, socket being forcefully closed[0m
[0;32mI (369) lwmb: time_elapsed: 0 ms[0m
[0;32mI (379) lwmb: s_conn: connect(55)[0m
[0;32mI (379) lwmb: s_conn: connect(55)[0m
[0;32mI (389) lwmb: r_select_task: opened socket: 57[0m
[0;32mI (389) main_task: Returned from app_main()[0m
[0;32mI (399) lwmb: r_select_task: opened socket: 58[0m
[0;32mI (409) lwmb: r_select_task: recv(57): socket associated with external slave was closed gracefully[0m
[0;32mI (419) lwmb: rt_remove(0x3ffb7b7c): removed remote entry w/ s=57[0m
Guru Meditation Error: Core  0 panic'ed (StoreProhibited). Exception was unhandled.

Core  0 register dump:
PC      : 0x4008a7fe  PS      : 0x00060833  A0      : 0x8008a307  A1      : 0x3ffb8d60  
A2      : 0x3ffb378c  A3      : 0x3ffbcd34  A4      : 0x00060820  A5      : 0x00060c23  
A6      : 0x00000000  A7      : 0x3ffbcd2c  A8      : 0xa5a5a5a5  A9      : 0x00000000  
A10     : 0x00000014  A11     : 0x3ffb37e4  A12     : 0x00000004  A13     : 0x00060823  
A14     : 0x00000001  A15     : 0x0000cdcd  SAR     : 0x0000001c  EXCCAUSE: 0x0000001d  
EXCVADDR: 0xa5a5a5b1  LBEG    : 0x4000c2e0  LEND    : 0x4000c2f6  LCOUNT  : 0x00000000  


Backtrace: 0x4008a7fb:0x3ffb8d60 0x4008a304:0x3ffb8d80 0x400821bf:0x3ffb8da0 0x4008bb91:0x3ffb8dc0 0x400dddbd:0x3ffb8de0 0x400deabe:0x3ffb8e00 0x400db7c9:0x3ffb8e20 0x400dce28:0x3ffb8e70 0x400dcf2e:0x3ffb8ee0 0x400d86a8:0x3ffb8f00 0x40086309:0x3ffb8f60




ELF file SHA256: 4a78eeb59

Rebooting...
ets Jul 29 2019 12:21:46

rst:0xc (SW_CPU_RESET),boot:0x13 (SPI_FAST_FLASH_BOOT)
configsip: 0, SPIWP:0xee
clk_drv:0x00,q_drv:0x00,d_drv:0x00,cs0_drv:0x00,hd_drv:0x00,wp_drv:0x00
mode:DIO, clock div:2
load:0x3fff0030,len:6328
load:0x40078000,len:15828
load:0x40080400,len:3860
entry 0x40080638
[0;32mI (27) boot: ESP-IDF v5.5-dev-1428-g0f0068fff3-dirty 2nd stage bootloader[0m
[0;32mI (27) boot: compile time Mar  4 2025 08:44:31[0m
[0;32mI (27) boot: Multicore bootloader[0m
[0;32mI (31) boot: chip revision: v3.1[0m
[0;32mI (34) boot.esp32: SPI Speed      : 40MHz[0m
[0;32mI (37) boot.esp32: SPI Mode       : DIO[0m
[0;32mI (41) boot.esp32: SPI Flash Size : 2MB[0m
[0;32mI (45) boot: Enabling RNG early entropy source...[0m
[0;32mI (49) boot: Partition Table:[0m
[0;32mI (52) boot: ## Label            Usage          Type ST Offset   Length[0m
[0;32mI (58) boot:  0 nvs              WiFi data        01 02 00009000 00006000[0m
