Command: /home/davey_schoe/.espressif/python_env/idf5.5_py3.11_env/bin/python /home/davey_schoe/esp/esp-idf/tools/idf_monitor.py -p /dev/ttyUSB0 -b 115200 --toolchain-prefix xtensa-esp32-elf- --target esp32 --revision 0 /home/davey_schoe/esp/mcmb_tx_dv3/build/mcmb_tx_dv3.elf /home/davey_schoe/esp/mcmb_tx_dv3/build/bootloader/bootloader.elf -m '/home/davey_schoe/.espressif/python_env/idf5.5_py3.11_env/bin/python' '/home/davey_schoe/esp/esp-idf/tools/idf.py'
nit: At 3FFE4350 len 0001BCB0 (111ï¿½ets Jul 29 2019 12:21:46

rst:0x1 (POWERON_RESET),boot:0x13 (SPI_FAST_FLASH_BOOT)
configsip: 0, SPIWP:0xee
clk_drv:0x00,q_drv:0x00,d_drv:0x00,cs0_drv:0x00,hd_drv:0x00,wp_drv:0x00
mode:DIO, clock div:2
load:0x3fff0030,len:6328
load:0x40078000,len:15828
load:0x40080400,len:3860
entry 0x40080638
[0;32mI (27) boot: ESP-IDF v5.5-dev-1428-g0f0068fff3-dirty 2nd stage bootloader[0m
[0;32mI (27) boot: compile time Mar  7 2025 18:07:42[0m
[0;32mI (27) boot: Multicorader[0m
[0;32mI (31) boot: chip revision: v3.1[0m
[0;32mI (34) boot.esp32: SPI Speed      : 40MHz[0m
[0;32mI (37) boot.esp32: SPI Mode       : DIO[0m
[0;32mI (41) boot.esp32: SPI Flash Size : opy source...[0m
[0;32mI (49) boot: Partition Table:[0m
[0;32mI (52) boot: ## Label            Usage          Type ST Offset   Length[0m
[0;32mI (58) boot:  0 nvs              WiFi data        01 02 00009000 00006000[0m
[0;32mI (65) boot:  1 phy_init         RF data          01 01 0000f000 00001000[0m
[0;32mI (71) boot:  2 factory          factory app      00 00 00010000 00100000[0m
[0;32mI (78) boot: End of partition table[0m
[0;32mI (81) esp_image: segment 0: paddr=00010020 vaddr=3f400020 size=10808h ( 67592) map[0m
[0;32mI (111) esp_image: segment 1: paddr=00020830 vaddr=3ff80000 size=0001ch (    28) load[0m
[0;32mI (112) esp_image: segment 2: paddr=00020854 vaddr=3ffb0000 size=0238ch (  9100) load[0m
[0;32mI (119) esp_image: segment 3: paddr=00022be8 vaddr=40080000 size=0d28ch ( 53900) load[0m
[0;32mI (144) esp_image: segment 4: paddr=0002fe7c vaddr=00000000 size=0019ch (   412) [0m
[0;32mI (144) esp_image: segment 5: paddr=00030020 vaddr=400d0020 size=2b618h (177688) map[0m
[0;32mI (215) boot: Loaded app from partition at offset 0x10000[0m
[0;32mI (215) boot: Disabling RNG early entropy source...[0m
[0;32mI (225) cpu_start: Multicore app[0m
[0;32mI (233) cpu_start: Pro cpu start user code[0m
[0;32mI (233) cpu_start: cpu freq: 160000000 Hz[0m
[0;32mI (234) app_init: Application information:[0m
[0;32mI (236) app_init: Project name:     mcmb_tx_dv3[0m
[0;32mI (242) app_init: App version:      1[0m
[0;32mI (246) app_init: Compile time:     Mar  7 2025 18:07:41[0m
[0;32mI (252) app_init: ELF file SHA256:  7442020fe...[0m
[0;32mI (257) app_init: ESP-IDF:          v5.5-dev-1428-g0f0068fff3-dirty[0m
[0;32mI (264) efuse_init: Min chip rev:     v0.0[0m
[0;32mI (269) efuse_init: Max chip rev:     v3.99 [0m
[0;32mI (274) efuse_init: Chip rev:        eap_init: Initializing. RAM available for dynamic allocation:[0m
[0;32mI (286) heap_init: At iB): DRAM[0m
[0;32mI (298) heap_init: At 3FFE0440 len 00003AE0 (14 KiB): D/IRAM[0m
[0;32mI (305) heap_init: At 3FFE4350 len 0001BCB0 (111 KiB): D/IRAM[0m
[0;32mI (311) heap_init: At 4008D28C len 00012D74 (75 KiB): IRAM[0m
[0;32mI (319) spi_flas(326) spi_flash: Detected size(4096k) larger than the size in the binary image header(2048k). Using the size in the binary image header.[0m
[0;32mI (340) main_task: Started on CPU0[0m
[0;32mI (350) main_task: Calling app_main()[0m
[0;31mE (350) lwmb: r_connect(55), b=-1, errno=119[0m
[0;32mI (350) lwmb: hw: 2064
[0m
[0;32mI (350) lwmb: Largest free block: 155648
[0m
[0;32mI (360) lwmb: Free heap: 284852
[0m
[0;32mI (370) lwmb: time_elapsed=10 [ms][0m
[0;32mI (1430) lwmb: time_elapsed=1060 [ms][0m
[0;32mI (2530) lwmb: time_elapsed=1100 [ms][0m
[0;32mI (3610) lwmb: time_elapsed=1080 [ms][0m
[0;32mI (4720) lwmb: time_elapsed=1110 [ms][0m
[0;32mI (5840) lwmb: time_elapsed=1120 [ms][0m
[0;32mI (6910) lwmb: time_elapsed=1070 [ms][0m
[0;32mI (7980) lwmb: time_elapsed=1070 [ms][0m
[0;32mI (9100) lwmb: time_elapsed=1120 [ms][0m
[0;32mI (10230) lwmb: time_elapsed=1130 [ms][0m
[0;32mI (11390) lwmb: time_elapsed=1160 [ms][0m
[0;32mI (12500) lwmb: time_elapsed=1110 [ms][0m
[0;32mI (13640) lwmb: time_elapsed=1140 [ms][0m
[0;32mI (14750) lwmb: time_elapsed=1110 [ms][0m
[0;31mE (15430) lwmb: r_send(55), r->ob=17, b=-1, errno=11[0m
[0;31mE (15530) lwmb: r_send(55), r->ob=17, b=-1, errno=11[0m
[0;31mE (15630) lwmb: r_send(55), r->ob=17, b=-1, errno=11[0m
[0;31mE (15730) lwmb: r_send(55), r->ob=17, b=-1, errno=11[0m
[0;31mE (15830) lwmb: r_send(55), r->ob=17, b=-1, errno=11[0m
[0;31mE (15930) lwmb: r_send(55), r->ob=17, b=-1, errno=11[0m
[0;31mE (16030) lwmb: r_send(55), r->ob=17, b=-1, errno=11[0m
[0;31mE (16130) lwmb: r_send(55), r->ob=17, b=-1, errno=11[0m
[0;31mE (16230) lwmb: r_send(55), r->ob=17, b=-1, errno=11[0m
[0;31mE (16330) lwmb: r_send(55), r->ob=17, b=-1, errno=11[0m
[0;31mE (16430) lwmb: r_send(55), r->ob=17, b=-1, errno=11[0m
[0;31mE (16530) lwmb: r_send(55), r->ob=17, b=-1, errno=11[0m
[0;32mI (17010) lwmb: time_elapsed=2260 [ms][0m
[0;32mI (18140) lwmb: time_elapsed=1130 [ms][0m
[0;32mI (19280) lwmb: time_elapsed=1140 [ms][0m
[0;32mI (20340) lwmb: time_elapsed=1060 [ms][0m
[0;32mI (21390) lwmb: time_elapsed=1050 [ms][0m
[0;32mI (22440) lwmb: time_elapsed=1050 [ms][0m
[0;32mI (23550) lwmb: time_elapsed=1110 [ms][0m
[0;32mI (24670) lwmb: time_elapsed=1120 [ms][0m
[0;32mI (25760) lwmb: time_elapsed=1090 [ms][0m
[0;32mI (26810) lwmb: time_elapsed=1040 [ms][0m
[0;32mI (27930) lwmb: time_elapsed=1120 [ms][0m
[0;31mE (28690) lwmb: r_send(55), r->ob=17, b=-1, errno=11[0m
[0;31mE (28790) lwmb: r_send(55), r->ob=17, b=-1, errno=11[0m
[0;31mE (28890) lwmb: r_send(55), r->ob=17, b=-1, errno=11[0m
[0;31mE (28990) lwmb: r_send(55), r->ob=17, b=-1, errno=11[0m
[0;31mE (29090) lwmb: r_send(55), r->ob=17, b=-1, errno=11[0m
[0;31mE (29190) lwmb: r_send(55), r->ob=17, b=-1, errno=11[0m
[0;31mE (29290) lwmb: r_send(55), r->ob=17, b=-1, errno=11[0m
[0;31mE (29390) lwmb: r_send(55), r->ob=17, b=-1, errno=11[0m
[0;31mE (29490) lwmb: r_send(55), r->ob=17, b=-1, errno=11[0m
[0;31mE (29590) lwmb: r_send(55), r->ob=17, b=-1, errno=11[0m
[0;31mE (29690) lwmb: r_send(55), r->ob=17, b=-1, errno=11[0m
[0;31mE (29790) lwmb: r_send(55), r->ob=17, b=-1, errno=11[0m
[0;31mE (29890) lwmb: r_send(55), r->ob=17, b=-1, errno=11[0m
[0;31mE (29990) lwmb: r_send(55), r->ob=17, b=-1, errno=11[0m
[0;31mE (30090) lwmb: r_send(55), r->ob=17, b=-1, errno=11[0m
[0;31mE (30210) lwmb: r_send(55), r->ob=17, b=-1, errno=11[0m
[0;31mE (30310) lwmb: r_send(55), r->ob=17, b=-1, errno=11[0m
[0;31mE (30410) lwmb: r_send(55), r->ob=17, b=-1, errno=11[0m
[0;31mE (30510) lwmb: r_send(55), r->ob=17, b=-1, errno=11[0m
[0;31mE (30610) lwmb: r_send(55), r->ob=17, b=-1, errno=11[0m
[0;31mE (30710) lwmb: r_send(55), r->ob=17, b=-1, errno=11[0m
[0;31mE (30810) lwmb: r_send(55), r->ob=17, b=-1, errno=11[0m
[0;31mE (30910) lwmb: r_send(55), r->ob=17, b=-1, errno=11[0m
[0;31mE (31010) lwmb: r_send(55), r->ob=17, b=-1, errno=11[0m
[0;31mE (31110) lwmb: r_send(55), r->ob=17, b=-1, errno=11[0m
[0;31mE (31210) lwmb: r_send(55), r->ob=17, b=-1, errno=11[0m
[0;31mE (31310) lwmb: r_send(55), r->ob=17, b=-1, errno=11[0m
[0;31mE (31410) lwmb: r_send(55), r->ob=17, b=-1, errno=11[0m
[0;31mE (31510) lwmb: r_send(55), r->ob=17, b=-1, errno=11[0m
[0;32mI (31900) lwmb: time_elapsed=3970 [ms][0m
